Microchip MPLAB XC8 Compiler V2.31

Linker command line:

-W-3 --edf=C:\Program Files\Microchip\xc8\v2.31\pic\dat\en_msgs.txt -cn \
  -h+dist/default/production\EEPROM.X.production.sym \
  --cmf=dist/default/production\EEPROM.X.production.cmf -z -Q16F887 \
  -oC:\Users\DELL\AppData\Local\Temp\s1m8.2 --defsym=__MPLAB_BUILD=1 \
  -Mdist/default/production/EEPROM.X.production.map -E1 -ver=XC8 Compiler \
  --acfsm=1493 -ASTACK=0110h-016Fh -pstack=STACK -ACODE=00h-07FFhx4 \
  -ASTRCODE=00h-01FFFh -ASTRING=00h-0FFhx32 -ACONST=00h-0FFhx32 \
  -AENTRY=00h-0FFhx32 -ACOMMON=070h-07Fh -ABANK0=020h-06Fh \
  -ABANK1=0A0h-0EFh -ABANK2=0110h-016Fh -ABANK3=0190h-01EFh \
  -ARAM=020h-06Fh,0A0h-0EFh,0110h-016Fh,0190h-01EFh \
  -AABS1=020h-07Fh,0A0h-0EFh,0110h-016Fh,0190h-01EFh -ASFR0=00h-01Fh \
  -ASFR1=080h-09Fh -ASFR2=0100h-010Fh -ASFR3=0180h-018Fh \
  -ACONFIG=02007h-02008h -DCONFIG=2 -AIDLOC=02000h-02003h -DIDLOC=2 \
  -AEEDATA=00h-0FFh/02100h -peeprom_data=EEDATA -DEEDATA=2 -DCODE=2 \
  -DSTRCODE=2 -DSTRING=2 -DCONST=2 -DENTRY=2 \
  -preset_vec=00h,intentry,init,end_init -ppowerup=CODE -pcinit=CODE \
  -pfunctab=ENTRY -k C:\Users\DELL\AppData\Local\Temp\s1m8.o \
  dist/default/production\EEPROM.X.production.o 

Object code version is 3.11

Machine type is 16F887



                Name                               Link     Load   Length Selector   Space Scale
C:\Users\DELL\AppData\Local\Temp\s1m8.o
                end_init                              0        0        3        0       0
                config                             2007     2007        2        0       4
dist/default/production\EEPROM.X.production.o
                cinit                               7F0      7F0       10      FE0       0
                config                             2007     2007        2        0       4
                text11                              4A5      4A5       17      94A       0
                text10                              4DD      4DD       2D      9BA       0
                text9                               48F      48F       16      91E       0
                text8                               588      588       4F      B10       0
                text7                               47A      47A       15      8F4       0
                text6                               5D7      5D7       97      BAE       0
                text5                               46E      46E        C      8DC       0
                text4                               4BC      4BC       21      978       0
                text3                               544      544       44      A88       0
                text2                               50A      50A       3A      A14       0
                text1                               708      708       E8      E10       0
                maintext                            66E      66E       9A      CDC       0
                cstackBANK0                          57       57       10       20       1
                cstackCOMMON                         70       70        E       70       1
                clrtext                             466      466        8      8CC       0
                bssBANK0                             20       20       37       20       1
                bitbssBANK0                         338       67        1       20       1     8
                strings                               3        3       21        6       0

TOTAL           Name                               Link     Load   Length     Space
        CLASS   STACK          

        CLASS   CODE           
                end_init                              0        0        3         0
                cinit                               7F0      7F0       10         0
                text11                              4A5      4A5       17         0
                text10                              4DD      4DD       2D         0
                text9                               48F      48F       16         0
                text8                               588      588       4F         0
                text7                               47A      47A       15         0
                text6                               5D7      5D7       97         0
                text5                               46E      46E        C         0
                text4                               4BC      4BC       21         0
                text3                               544      544       44         0
                text2                               50A      50A       3A         0
                text1                               708      708       E8         0
                maintext                            66E      66E       9A         0
                clrtext                             466      466        8         0

        CLASS   STRCODE        

        CLASS   STRING         
                strings                               3        3       21         0

        CLASS   CONST          

        CLASS   ENTRY          

        CLASS   COMMON         
                cstackCOMMON                         70       70        E         1

        CLASS   BANK0          
                cstackBANK0                          57       57       10         1
                bssBANK0                             20       20       37         1
                bitbssBANK0                         338       67        1         1

        CLASS   BANK1          

        CLASS   BANK2          

        CLASS   BANK3          

        CLASS   RAM            

        CLASS   ABS1           
                abs_s1                               7E       7E        2         1

        CLASS   SFR0           

        CLASS   SFR1           

        CLASS   SFR2           

        CLASS   SFR3           

        CLASS   CONFIG         
                config                             2007     2007        2         4

        CLASS   IDLOC          

        CLASS   EEDATA         



SEGMENTS        Name                           Load    Length   Top    Selector   Space  Class     Delta

                reset_vec                      000000  000003  000003         0       0  CODE        2
                strings                        000003  000021  000024         6       0  STRING      2
                bssBANK0                       000020  000048  000068        20       1  BANK0       1
                cstackCOMMON                   000070  00000E  00007E        70       1  COMMON      1
                clrtext                        000466  000008  00046E       8CC       0  CODE        2
                text5                          00046E  00000C  00047A       8DC       0  CODE        2
                text7                          00047A  000015  00048F       8F4       0  CODE        2
                text9                          00048F  000016  0004A5       91E       0  CODE        2
                text11                         0004A5  000017  0004BC       94A       0  CODE        2
                text4                          0004BC  000021  0004DD       978       0  CODE        2
                text10                         0004DD  00002D  00050A       9BA       0  CODE        2
                text2                          00050A  00003A  000544       A14       0  CODE        2
                text3                          000544  000044  000588       A88       0  CODE        2
                text8                          000588  00004F  0005D7       B10       0  CODE        2
                text6                          0005D7  000097  00066E       BAE       0  CODE        2
                maintext                       00066E  00009A  000708       CDC       0  CODE        2
                text1                          000708  0000E8  0007F0       E10       0  CODE        2
                cinit                          0007F0  000010  000800       FE0       0  CODE        2


UNUSED ADDRESS RANGES

        Name                Unused          Largest block    Delta
        BANK0            0068-006F              8           1
        BANK1            00A0-00EF             50           1
        BANK2            0110-016F             60           1
        BANK3            0190-01EF             60           1
        CODE             0024-0465            442           2
                         0800-1FFF            800
        CONST            0024-0465            100           2
                         0800-1FFF            100
        EEDATA           2100-21FF            100           2
        ENTRY            0024-0465            100           2
                         0800-1FFF            100
        IDLOC            2000-2003              4           2
        RAM              0068-006F              8           1
                         00A0-00EF             50
                         0110-016F             60
                         0190-01EF             60
        SFR0             0000-001F             20           1
        SFR1             0080-009F             20           1
        SFR2             0100-010F             10           1
        SFR3             0180-018F             10           1
        STACK            0110-016F             60           1
        STRCODE          0024-0465            442           2
                         0800-1FFF           1800
        STRING           0024-0465            100           2
                         0800-1FFF            100

                                  Symbol Table

?___lwdiv                cstackCOMMON 0070
?___lwmod                cstackCOMMON 0078
?_sprintf                cstackBANK0  0057
_ANSEL                   (abs)        0188
_ANSELH                  (abs)        0189
_EEADR                   (abs)        010D
_EECON1                  (abs)        018C
_EECON1bits              (abs)        018C
_EECON2                  (abs)        018D
_EEDATA                  (abs)        010C
_INTCONbits              (abs)        000B
_OPTION_REGbits          (abs)        0081
_PORTD                   (abs)        0008
_PORTDbits               (abs)        0008
_RB0                     (abs)        0030
_RB4                     (abs)        0034
_STATUSbits              (abs)        0003
_TRISB                   (abs)        0086
_TRISD                   (abs)        0088
__Habs1                  abs1         0000
__Hbank0                 bank0        0000
__Hbank1                 bank1        0000
__Hbank2                 bank2        0000
__Hbank3                 bank3        0000
__HbitbssBANK0           bitbssBANK0  0000
__HbssBANK0              bssBANK0     0000
__Hcinit                 cinit        0800
__Hclrtext               clrtext      0000
__Hcode                  code         0000
__Hcommon                common       0000
__Hconfig                config       2009
__HcstackBANK0           cstackBANK0  0000
__HcstackCOMMON          cstackCOMMON 0000
__Heeprom_data           eeprom_data  0000
__Hend_init              end_init     0003
__Hfunctab               functab      0000
__Hinit                  init         0000
__Hintentry              intentry     0000
__Hmaintext              maintext     0000
__Hpowerup               powerup      0000
__Hram                   ram          0000
__Hreset_vec             reset_vec    0000
__Hsfr0                  sfr0         0000
__Hsfr1                  sfr1         0000
__Hsfr2                  sfr2         0000
__Hsfr3                  sfr3         0000
__Hspace_0               (abs)        0800
__Hspace_1               (abs)        0339
__Hspace_2               (abs)        0000
__Hspace_3               (abs)        0000
__Hspace_4               (abs)        4010
__Hstack                 stack        0000
__Hstrings               strings      0000
__Htext                  text         0000
__Labs1                  abs1         0000
__Lbank0                 bank0        0000
__Lbank1                 bank1        0000
__Lbank2                 bank2        0000
__Lbank3                 bank3        0000
__LbitbssBANK0           bitbssBANK0  0000
__LbssBANK0              bssBANK0     0000
__Lcinit                 cinit        07F0
__Lclrtext               clrtext      0000
__Lcode                  code         0000
__Lcommon                common       0000
__Lconfig                config       0000
__LcstackBANK0           cstackBANK0  0000
__LcstackCOMMON          cstackCOMMON 0000
__Leeprom_data           eeprom_data  0000
__Lend_init              end_init     0000
__Lfunctab               functab      0000
__Linit                  init         0000
__Lintentry              intentry     0000
__Lmaintext              maintext     0000
__Lpowerup               powerup      0000
__Lram                   ram          0000
__Lreset_vec             reset_vec    0000
__Lsfr0                  sfr0         0000
__Lsfr1                  sfr1         0000
__Lsfr2                  sfr2         0000
__Lsfr3                  sfr3         0000
__Lspace_0               (abs)        0000
__Lspace_1               (abs)        0000
__Lspace_2               (abs)        0000
__Lspace_3               (abs)        0000
__Lspace_4               (abs)        0000
__Lstack                 stack        0000
__Lstrings               strings      0000
__Ltext                  text         0000
__S0                     (abs)        0800
__S1                     (abs)        007E
__S2                     (abs)        0000
__S3                     (abs)        0000
___int_sp                stack        0000
___latbits               (abs)        0002
___lwdiv                 text3        0544
___lwdiv@counter         cstackCOMMON 0077
___lwdiv@dividend        cstackCOMMON 0072
___lwdiv@divisor         cstackCOMMON 0070
___lwdiv@quotient        cstackCOMMON 0075
___lwmod                 text2        050A
___lwmod@counter         cstackCOMMON 007D
___lwmod@dividend        cstackCOMMON 007A
___lwmod@divisor         cstackCOMMON 0078
___sp                    stack        0000
___stackhi               (abs)        0000
___stacklo               (abs)        0000
__end_of___lwdiv         text3        0588
__end_of___lwmod         text2        0544
__end_of__initialization cinit        07FC
__end_of__stringtab      strings      0009
__end_of_delay           text9        04A5
__end_of_dpowers         strings      0013
__end_of_eeprom_read     text11       04BC
__end_of_eeprom_write    text10       050A
__end_of_lcd_com         text8        05D7
__end_of_lcd_data        text5        047A
__end_of_lcd_init        text6        066E
__end_of_lcd_init_write  text7        048F
__end_of_lcd_puts        text4        04DD
__end_of_main            maintext     0708
__end_of_sprintf         text1        07F0
__initialization         cinit        07F0
__pbitbssBANK0           bitbssBANK0  0338
__pbssBANK0              bssBANK0     0020
__pcstackBANK0           cstackBANK0  0057
__pcstackCOMMON          cstackCOMMON 0070
__pmaintext              maintext     066E
__pstrings               strings      0003
__ptext1                 text1        0708
__ptext10                text10       04DD
__ptext11                text11       04A5
__ptext2                 text2        050A
__ptext3                 text3        0544
__ptext4                 text4        04BC
__ptext5                 text5        046E
__ptext6                 text6        05D7
__ptext7                 text7        047A
__ptext8                 text8        0588
__ptext9                 text9        048F
__size_of___lwdiv        (abs)        0000
__size_of___lwmod        (abs)        0000
__size_of_delay          (abs)        0000
__size_of_eeprom_read    (abs)        0000
__size_of_eeprom_write   (abs)        0000
__size_of_lcd_com        (abs)        0000
__size_of_lcd_data       (abs)        0000
__size_of_lcd_init       (abs)        0000
__size_of_lcd_init_write (abs)        0000
__size_of_lcd_puts       (abs)        0000
__size_of_main           (abs)        0000
__size_of_sprintf        (abs)        0000
__stringbase             strings      0008
__stringtab              strings      0003
_buffer1                 bssBANK0     0047
_buffer2                 bssBANK0     0037
_c                       bssBANK0     0034
_cnt                     bssBANK0     0035
_delay                   text9        048F
_dpowers                 strings      0009
_eeprom_read             text11       04A5
_eeprom_write            text10       04DD
_lcd_com                 text8        0588
_lcd_data                text5        046E
_lcd_init                text6        05D7
_lcd_init_write          text7        047A
_lcd_puts                text4        04BC
_main                    maintext     066E
_num                     bssBANK0     0020
_sprintf                 text1        0708
_status                  bitbssBANK0  0338
_temp                    bssBANK0     0036
btemp                    (abs)        007E
clear_ram0               clrtext      0466
delay@i                  cstackCOMMON 0072
delay@j                  cstackCOMMON 0070
eeprom_read@addr         cstackCOMMON 0071
eeprom_write@addr        cstackCOMMON 0072
eeprom_write@value       cstackCOMMON 0070
end_of_initialization    cinit        07FC
intlevel0                functab      0000
intlevel1                functab      0000
intlevel2                functab      0000
intlevel3                functab      0000
intlevel4                functab      0000
intlevel5                functab      0000
lcd_com@a                cstackCOMMON 0076
lcd_com@temp             cstackCOMMON 0077
lcd_data@a               cstackCOMMON 0078
lcd_init_write@a         cstackCOMMON 0074
lcd_puts@i               cstackCOMMON 007A
lcd_puts@str             cstackCOMMON 007C
reset_vec                reset_vec    0000
sprintf@ap               cstackBANK0  005D
sprintf@c                cstackBANK0  0063
sprintf@f                cstackBANK0  0057
sprintf@flag             cstackBANK0  005E
sprintf@prec             cstackBANK0  005F
sprintf@sp               cstackBANK0  0062
sprintf@val              cstackBANK0  0060
start                    init         0000
start_initialization     cinit        07F0
wtemp0                   (abs)        007E


FUNCTION INFORMATION:

 *************** function _main *****************
 Defined at:
		line 45 in file "main.c"
 Parameters:    Size  Location     Type
		None
 Auto vars:     Size  Location     Type
		None
 Return value:  Size  Location     Type
                  1    wreg      void 
 Registers used:
		wreg, fsr0l, fsr0h, status,2, status,0, btemp+1, pclath, cstack
 Tracked objects:
		On entry : 
		On exit  : 
		Unchanged: 
 Data sizes:     COMMON   BANK0   BANK1   BANK3   BANK2
      Params:         0       0       0       0       0
      Locals:         0       0       0       0       0
      Temps:          0       3       0       0       0
      Totals:         0       3       0       0       0
Total ram usage:        3 bytes
 Hardware stack levels required when called:    4
 This function calls:
		_eeprom_read
		_eeprom_write
		_lcd_com
		_lcd_init
		_lcd_puts
		_sprintf
 This function is called by:
		Startup code after reset
 This function uses a non-reentrant model


 *************** function _sprintf *****************
 Defined at:
		line 505 in file "C:\Program Files\Microchip\xc8\v2.31\pic\sources\c90\common\doprnt.c"
 Parameters:    Size  Location     Type
  sp              1    wreg     PTR unsigned char 
		 -> buffer2(16), buffer1(16), 
  f               1    0[BANK0 ] PTR const unsigned char 
		 -> STR_2(9), STR_1(8), 
 Auto vars:     Size  Location     Type
  sp              1   11[BANK0 ] PTR unsigned char 
		 -> buffer2(16), buffer1(16), 
  tmpval          4    0        struct .
  val             2    9[BANK0 ] unsigned int 
  cp              2    0        PTR const unsigned char 
  len             2    0        unsigned int 
  c               1   12[BANK0 ] unsigned char 
  prec            1    8[BANK0 ] char 
  flag            1    7[BANK0 ] unsigned char 
  ap              1    6[BANK0 ] PTR void [1]
		 -> ?_sprintf(2), 
 Return value:  Size  Location     Type
                  2    0[BANK0 ] int 
 Registers used:
		wreg, fsr0l, fsr0h, status,2, status,0, btemp+1, pclath, cstack
 Tracked objects:
		On entry : 
		On exit  : 
		Unchanged: 
 Data sizes:     COMMON   BANK0   BANK1   BANK3   BANK2
      Params:         0       3       0       0       0
      Locals:         0       7       0       0       0
      Temps:          0       3       0       0       0
      Totals:         0      13       0       0       0
Total ram usage:       13 bytes
 Hardware stack levels used:    1
 Hardware stack levels required when called:    1
 This function calls:
		___lwdiv
		___lwmod
 This function is called by:
		_main
 This function uses a non-reentrant model


 *************** function ___lwmod *****************
 Defined at:
		line 5 in file "C:\Program Files\Microchip\xc8\v2.31\pic\sources\c90\common\lwmod.c"
 Parameters:    Size  Location     Type
  divisor         2    8[COMMON] unsigned int 
  dividend        2   10[COMMON] unsigned int 
 Auto vars:     Size  Location     Type
  counter         1   13[COMMON] unsigned char 
 Return value:  Size  Location     Type
                  2    8[COMMON] unsigned int 
 Registers used:
		wreg, status,2, status,0
 Tracked objects:
		On entry : 
		On exit  : 
		Unchanged: 
 Data sizes:     COMMON   BANK0   BANK1   BANK3   BANK2
      Params:         4       0       0       0       0
      Locals:         1       0       0       0       0
      Temps:          1       0       0       0       0
      Totals:         6       0       0       0       0
Total ram usage:        6 bytes
 Hardware stack levels used:    1
 This function calls:
		Nothing
 This function is called by:
		_sprintf
		_lcd_print_number
 This function uses a non-reentrant model


 *************** function ___lwdiv *****************
 Defined at:
		line 5 in file "C:\Program Files\Microchip\xc8\v2.31\pic\sources\c90\common\lwdiv.c"
 Parameters:    Size  Location     Type
  divisor         2    0[COMMON] unsigned int 
  dividend        2    2[COMMON] unsigned int 
 Auto vars:     Size  Location     Type
  quotient        2    5[COMMON] unsigned int 
  counter         1    7[COMMON] unsigned char 
 Return value:  Size  Location     Type
                  2    0[COMMON] unsigned int 
 Registers used:
		wreg, status,2, status,0
 Tracked objects:
		On entry : 
		On exit  : 
		Unchanged: 
 Data sizes:     COMMON   BANK0   BANK1   BANK3   BANK2
      Params:         4       0       0       0       0
      Locals:         3       0       0       0       0
      Temps:          1       0       0       0       0
      Totals:         8       0       0       0       0
Total ram usage:        8 bytes
 Hardware stack levels used:    1
 This function calls:
		Nothing
 This function is called by:
		_sprintf
		_lcd_print_number
 This function uses a non-reentrant model


 *************** function _lcd_puts *****************
 Defined at:
		line 103 in file "lcd.c"
 Parameters:    Size  Location     Type
  str             1    wreg     PTR unsigned char 
		 -> buffer2(16), buffer1(16), 
 Auto vars:     Size  Location     Type
  str             1   12[COMMON] PTR unsigned char 
		 -> buffer2(16), buffer1(16), 
  i               2   10[COMMON] unsigned int 
 Return value:  Size  Location     Type
                  1    wreg      void 
 Registers used:
		wreg, fsr0l, fsr0h, status,2, status,0, pclath, cstack
 Tracked objects:
		On entry : 
		On exit  : 
		Unchanged: 
 Data sizes:     COMMON   BANK0   BANK1   BANK3   BANK2
      Params:         0       0       0       0       0
      Locals:         3       0       0       0       0
      Temps:          1       0       0       0       0
      Totals:         4       0       0       0       0
Total ram usage:        4 bytes
 Hardware stack levels used:    1
 Hardware stack levels required when called:    3
 This function calls:
		_lcd_data
 This function is called by:
		_main
 This function uses a non-reentrant model


 *************** function _lcd_data *****************
 Defined at:
		line 74 in file "lcd.c"
 Parameters:    Size  Location     Type
  a               1    wreg     unsigned char 
 Auto vars:     Size  Location     Type
  a               1    8[COMMON] unsigned char 
 Return value:  Size  Location     Type
                  1    wreg      void 
 Registers used:
		wreg, status,2, status,0, pclath, cstack
 Tracked objects:
		On entry : 
		On exit  : 
		Unchanged: 
 Data sizes:     COMMON   BANK0   BANK1   BANK3   BANK2
      Params:         0       0       0       0       0
      Locals:         1       0       0       0       0
      Temps:          0       0       0       0       0
      Totals:         1       0       0       0       0
Total ram usage:        1 bytes
 Hardware stack levels used:    1
 Hardware stack levels required when called:    2
 This function calls:
		_lcd_com
 This function is called by:
		_lcd_puts
		_hex2lcd
		_LCD_ScrollMessage
		_lcd_print_number
 This function uses a non-reentrant model


 *************** function _lcd_init *****************
 Defined at:
		line 80 in file "lcd.c"
 Parameters:    Size  Location     Type
		None
 Auto vars:     Size  Location     Type
		None
 Return value:  Size  Location     Type
                  1    wreg      void 
 Registers used:
		wreg, status,2, status,0, pclath, cstack
 Tracked objects:
		On entry : 
		On exit  : 
		Unchanged: 
 Data sizes:     COMMON   BANK0   BANK1   BANK3   BANK2
      Params:         0       0       0       0       0
      Locals:         0       0       0       0       0
      Temps:          0       0       0       0       0
      Totals:         0       0       0       0       0
Total ram usage:        0 bytes
 Hardware stack levels used:    1
 Hardware stack levels required when called:    2
 This function calls:
		_delay
		_lcd_com
		_lcd_init_write
 This function is called by:
		_main
 This function uses a non-reentrant model


 *************** function _lcd_init_write *****************
 Defined at:
		line 36 in file "lcd.c"
 Parameters:    Size  Location     Type
  a               1    wreg     unsigned char 
 Auto vars:     Size  Location     Type
  a               1    4[COMMON] unsigned char 
 Return value:  Size  Location     Type
                  1    wreg      void 
 Registers used:
		wreg, status,2, status,0, pclath, cstack
 Tracked objects:
		On entry : 
		On exit  : 
		Unchanged: 
 Data sizes:     COMMON   BANK0   BANK1   BANK3   BANK2
      Params:         0       0       0       0       0
      Locals:         1       0       0       0       0
      Temps:          0       0       0       0       0
      Totals:         1       0       0       0       0
Total ram usage:        1 bytes
 Hardware stack levels used:    1
 Hardware stack levels required when called:    1
 This function calls:
		_delay
 This function is called by:
		_lcd_init
 This function uses a non-reentrant model


 *************** function _lcd_com *****************
 Defined at:
		line 47 in file "lcd.c"
 Parameters:    Size  Location     Type
  a               1    wreg     unsigned char 
 Auto vars:     Size  Location     Type
  a               1    6[COMMON] unsigned char 
  temp            1    7[COMMON] unsigned char 
 Return value:  Size  Location     Type
                  1    wreg      void 
 Registers used:
		wreg, status,2, status,0, pclath, cstack
 Tracked objects:
		On entry : 
		On exit  : 
		Unchanged: 
 Data sizes:     COMMON   BANK0   BANK1   BANK3   BANK2
      Params:         0       0       0       0       0
      Locals:         2       0       0       0       0
      Temps:          2       0       0       0       0
      Totals:         4       0       0       0       0
Total ram usage:        4 bytes
 Hardware stack levels used:    1
 Hardware stack levels required when called:    1
 This function calls:
		_delay
 This function is called by:
		_main
		_lcd_data
		_lcd_init
		_LCD_ScrollMessage
 This function uses a non-reentrant model


 *************** function _delay *****************
 Defined at:
		line 30 in file "lcd.c"
 Parameters:    Size  Location     Type
  j               2    0[COMMON] unsigned int 
 Auto vars:     Size  Location     Type
  i               2    2[COMMON] unsigned int 
 Return value:  Size  Location     Type
                  1    wreg      void 
 Registers used:
		wreg, status,2
 Tracked objects:
		On entry : 
		On exit  : 
		Unchanged: 
 Data sizes:     COMMON   BANK0   BANK1   BANK3   BANK2
      Params:         2       0       0       0       0
      Locals:         2       0       0       0       0
      Temps:          0       0       0       0       0
      Totals:         4       0       0       0       0
Total ram usage:        4 bytes
 Hardware stack levels used:    1
 This function calls:
		Nothing
 This function is called by:
		_lcd_init_write
		_lcd_com
		_lcd_init
		_LCD_ScrollMessage
 This function uses a non-reentrant model


 *************** function _eeprom_write *****************
 Defined at:
		line 6 in file "C:\Program Files\Microchip\xc8\v2.31\pic\sources\c90\pic\__eewrite.c"
 Parameters:    Size  Location     Type
  addr            1    wreg     unsigned char 
  value           1    0[COMMON] unsigned char 
 Auto vars:     Size  Location     Type
  addr            1    2[COMMON] unsigned char 
 Return value:  Size  Location     Type
                  1    wreg      void 
 Registers used:
		wreg, status,2, status,0
 Tracked objects:
		On entry : 
		On exit  : 
		Unchanged: 
 Data sizes:     COMMON   BANK0   BANK1   BANK3   BANK2
      Params:         1       0       0       0       0
      Locals:         1       0       0       0       0
      Temps:          1       0       0       0       0
      Totals:         3       0       0       0       0
Total ram usage:        3 bytes
 Hardware stack levels used:    1
 This function calls:
		Nothing
 This function is called by:
		_main
 This function uses a non-reentrant model


 *************** function _eeprom_read *****************
 Defined at:
		line 6 in file "C:\Program Files\Microchip\xc8\v2.31\pic\sources\c90\pic\__eeread.c"
 Parameters:    Size  Location     Type
  addr            1    wreg     unsigned char 
 Auto vars:     Size  Location     Type
  addr            1    1[COMMON] unsigned char 
 Return value:  Size  Location     Type
                  1    wreg      unsigned char 
 Registers used:
		wreg, status,2, status,0
 Tracked objects:
		On entry : 
		On exit  : 
		Unchanged: 
 Data sizes:     COMMON   BANK0   BANK1   BANK3   BANK2
      Params:         0       0       0       0       0
      Locals:         1       0       0       0       0
      Temps:          1       0       0       0       0
      Totals:         2       0       0       0       0
Total ram usage:        2 bytes
 Hardware stack levels used:    1
 This function calls:
		Nothing
 This function is called by:
		_main
 This function uses a non-reentrant model



MODULE INFORMATION

Module		Function		Class		Link	Load	Size
C:\Program Files\Microchip\xc8\v2.31\pic\sources\c90\common\doprnt.c
		_sprintf       		CODE           	0708	0000	232

C:\Program Files\Microchip\xc8\v2.31\pic\sources\c90\common\doprnt.c estimated size: 232

C:\Program Files\Microchip\xc8\v2.31\pic\sources\c90\common\lwmod.c
		___lwmod       		CODE           	050A	0000	58

C:\Program Files\Microchip\xc8\v2.31\pic\sources\c90\common\lwmod.c estimated size: 58

C:\Program Files\Microchip\xc8\v2.31\pic\sources\c90\pic\__eewrite.c
		_eeprom_write  		CODE           	04DD	0000	45

C:\Program Files\Microchip\xc8\v2.31\pic\sources\c90\pic\__eewrite.c estimated size: 45

C:\Program Files\Microchip\xc8\v2.31\pic\sources\c90\common\lwdiv.c
		___lwdiv       		CODE           	0544	0000	68

C:\Program Files\Microchip\xc8\v2.31\pic\sources\c90\common\lwdiv.c estimated size: 68

shared
		__stringtab    		STRING         	0003	0000	6
		_dpowers       		STRING         	0009	0000	10
		__initialization		CODE           	07F0	0000	12

shared estimated size: 28

C:\Program Files\Microchip\xc8\v2.31\pic\sources\c90\pic\__eeread.c
		_eeprom_read   		CODE           	04A5	0000	23

C:\Program Files\Microchip\xc8\v2.31\pic\sources\c90\pic\__eeread.c estimated size: 23

lcd.c
		_lcd_com       		CODE           	0588	0000	79
		_delay         		CODE           	048F	0000	22
		_lcd_puts      		CODE           	04BC	0000	33
		_lcd_data      		CODE           	046E	0000	12
		_lcd_init_write		CODE           	047A	0000	21
		_lcd_init      		CODE           	05D7	0000	151

lcd.c estimated size: 318

main.c
		_main          		CODE           	066E	0000	154

main.c estimated size: 154

