Microchip MPLAB XC8 Compiler V2.31

Linker command line:

-W-3 --edf=C:\Program Files\Microchip\xc8\v2.31\pic\dat\en_msgs.txt -cn \
  -h+dist/default/production\I2C_LCD.X.production.sym \
  --cmf=dist/default/production\I2C_LCD.X.production.cmf -z -Q16F887 \
  -oC:\Users\DELL\AppData\Local\Temp\sc7c.2 --defsym=__MPLAB_BUILD=1 \
  -Mdist/default/production/I2C_LCD.X.production.map -E1 -ver=XC8 Compiler \
  --acfsm=1493 -ASTACK=0110h-016Fh -pstack=STACK -ACODE=00h-07FFhx4 \
  -ASTRCODE=00h-01FFFh -ASTRING=00h-0FFhx32 -ACONST=00h-0FFhx32 \
  -AENTRY=00h-0FFhx32 -ACOMMON=070h-07Fh -ABANK0=020h-06Fh \
  -ABANK1=0A0h-0EFh -ABANK2=0110h-016Fh -ABANK3=0190h-01EFh \
  -ARAM=020h-06Fh,0A0h-0EFh,0110h-016Fh,0190h-01EFh \
  -AABS1=020h-07Fh,0A0h-0EFh,0110h-016Fh,0190h-01EFh -ASFR0=00h-01Fh \
  -ASFR1=080h-09Fh -ASFR2=0100h-010Fh -ASFR3=0180h-018Fh \
  -ACONFIG=02007h-02008h -DCONFIG=2 -AIDLOC=02000h-02003h -DIDLOC=2 \
  -AEEDATA=00h-0FFh/02100h -peeprom_data=EEDATA -DEEDATA=2 -DCODE=2 \
  -DSTRCODE=2 -DSTRING=2 -DCONST=2 -DENTRY=2 \
  -preset_vec=00h,intentry,init,end_init -ppowerup=CODE -pcinit=CODE \
  -pfunctab=ENTRY -k C:\Users\DELL\AppData\Local\Temp\sc7c.o \
  dist/default/production\I2C_LCD.X.production.o 

Object code version is 3.11

Machine type is 16F887



                Name                               Link     Load   Length Selector   Space Scale
C:\Users\DELL\AppData\Local\Temp\sc7c.o
                end_init                              0        0        3        0       0
                config                             2007     2007        2        0       4
dist/default/production\I2C_LCD.X.production.o
                cinit                               7F2      7F2        E      FE4       0
                config                             2007     2007        2        0       4
                text13                              755      755       9D      EAA       0
                text12                              621      621       32      C42       0
                text11                              57F      57F        D      AFE       0
                text10                              56D      56D        9      ADA       0
                text9                               576      576        9      AEC       0
                text8                               58C      58C       10      B18       0
                text7                               5B4      5B4       19      B68       0
                text6                               59C      59C       18      B38       0
                text5                               5CD      5CD       1A      B9A       0
                text4                               6C9      6C9       8C      D92       0
                text3                               5E7      5E7       1B      BCE       0
                text2                               602      602       1F      C04       0
                text1                               653      653       36      CA6       0
                maintext                            689      689       40      D12       0
                cstackBANK0                          30       30        A       20       1
                cstackCOMMON                         70       70        C       70       1
                clrtext                             565      565        8      ACA       0
                bssBANK0                             20       20       10       20       1
                bssCOMMON                            7D       7D        1       70       1
                strings                               3        3       14        6       0
                nvCOMMON                             7C       7C        1       70       1

TOTAL           Name                               Link     Load   Length     Space
        CLASS   STACK          

        CLASS   CODE           
                end_init                              0        0        3         0
                cinit                               7F2      7F2        E         0
                text13                              755      755       9D         0
                text12                              621      621       32         0
                text11                              57F      57F        D         0
                text10                              56D      56D        9         0
                text9                               576      576        9         0
                text8                               58C      58C       10         0
                text7                               5B4      5B4       19         0
                text6                               59C      59C       18         0
                text5                               5CD      5CD       1A         0
                text4                               6C9      6C9       8C         0
                text3                               5E7      5E7       1B         0
                text2                               602      602       1F         0
                text1                               653      653       36         0
                maintext                            689      689       40         0
                clrtext                             565      565        8         0

        CLASS   STRCODE        

        CLASS   STRING         
                strings                               3        3       14         0

        CLASS   CONST          

        CLASS   ENTRY          

        CLASS   COMMON         
                cstackCOMMON                         70       70        C         1
                bssCOMMON                            7D       7D        1         1
                nvCOMMON                             7C       7C        1         1

        CLASS   BANK0          
                cstackBANK0                          30       30        A         1
                bssBANK0                             20       20       10         1

        CLASS   BANK1          

        CLASS   BANK2          

        CLASS   BANK3          

        CLASS   RAM            

        CLASS   ABS1           
                abs_s1                               7E       7E        2         1

        CLASS   SFR0           

        CLASS   SFR1           

        CLASS   SFR2           

        CLASS   SFR3           

        CLASS   CONFIG         
                config                             2007     2007        2         4

        CLASS   IDLOC          

        CLASS   EEDATA         



SEGMENTS        Name                           Load    Length   Top    Selector   Space  Class     Delta

                reset_vec                      000000  000003  000003         0       0  CODE        2
                strings                        000003  000014  000017         6       0  STRING      2
                bssBANK0                       000020  00001A  00003A        20       1  BANK0       1
                cstackCOMMON                   000070  00000E  00007E        70       1  COMMON      1
                clrtext                        000565  000008  00056D       ACA       0  CODE        2
                text10                         00056D  000009  000576       ADA       0  CODE        2
                text9                          000576  000009  00057F       AEC       0  CODE        2
                text11                         00057F  00000D  00058C       AFE       0  CODE        2
                text8                          00058C  000010  00059C       B18       0  CODE        2
                text6                          00059C  000018  0005B4       B38       0  CODE        2
                text7                          0005B4  000019  0005CD       B68       0  CODE        2
                text5                          0005CD  00001A  0005E7       B9A       0  CODE        2
                text3                          0005E7  00001B  000602       BCE       0  CODE        2
                text2                          000602  00001F  000621       C04       0  CODE        2
                text12                         000621  000032  000653       C42       0  CODE        2
                text1                          000653  000036  000689       CA6       0  CODE        2
                maintext                       000689  000040  0006C9       D12       0  CODE        2
                text4                          0006C9  00008C  000755       D92       0  CODE        2
                text13                         000755  00009D  0007F2       EAA       0  CODE        2
                cinit                          0007F2  00000E  000800       FE4       0  CODE        2


UNUSED ADDRESS RANGES

        Name                Unused          Largest block    Delta
        BANK0            003A-006F             36           1
        BANK1            00A0-00EF             50           1
        BANK2            0110-016F             60           1
        BANK3            0190-01EF             60           1
        CODE             0017-0564            54E           2
                         0800-1FFF            800
        CONST            0017-0564            100           2
                         0800-1FFF            100
        EEDATA           2100-21FF            100           2
        ENTRY            0017-0564            100           2
                         0800-1FFF            100
        IDLOC            2000-2003              4           2
        RAM              003A-006F             36           1
                         00A0-00EF             50
                         0110-016F             60
                         0190-01EF             60
        SFR0             0000-001F             20           1
        SFR1             0080-009F             20           1
        SFR2             0100-010F             10           1
        SFR3             0180-018F             10           1
        STACK            0110-016F             60           1
        STRCODE          0017-0564            54E           2
                         0800-1FFF           1800
        STRING           0017-0564            100           2
                         0800-1FFF            100

                                  Symbol Table

?___aldiv                  cstackCOMMON 0070
I2C_Master_Init@baud       cstackBANK0  0036
I2C_Master_Write@data      cstackCOMMON 0070
IO_expanderWrite@data      cstackCOMMON 0071
LCD_Init@address           cstackCOMMON 0078
LCD_com@com                cstackCOMMON 0075
LCD_putChar@data           cstackCOMMON 0075
LCD_puts@str               cstackCOMMON 0077
LCD_setCursor@col          cstackCOMMON 0076
LCD_setCursor@row          cstackCOMMON 0079
LCD_writeNibble@nibble     cstackCOMMON 0073
_ACKDT                     (abs)        048D
_ACKEN                     (abs)        048C
_ACKSTAT                   (abs)        048E
_GIE                       (abs)        005F
_I2C_Master_Init           text12       0621
_I2C_Master_Start          text10       056D
_I2C_Master_Stop           text9        0576
_I2C_Master_Wait           text11       057F
_I2C_Master_Write          text8        058C
_I2C_add                   nvCOMMON     007C
_IO_expanderWrite          text7        05B4
_LCD_Init                  text4        06C9
_LCD_com                   text5        05CD
_LCD_putChar               text3        05E7
_LCD_puts                  text2        0602
_LCD_setCursor             text1        0653
_LCD_writeNibble           text6        059C
_PEIE                      (abs)        005E
_PEN                       (abs)        048A
_RCEN                      (abs)        048B
_RS                        bssCOMMON    007D
_SEN                       (abs)        0488
_SSPADD                    (abs)        0093
_SSPBUF                    (abs)        0013
_SSPCON                    (abs)        0014
_SSPCON2                   (abs)        0091
_SSPIE                     (abs)        0463
_SSPIF                     (abs)        0063
_SSPSTAT                   (abs)        0094
_TRISC3                    (abs)        043B
_TRISC4                    (abs)        043C
_TRISD5                    (abs)        0445
__Habs1                    abs1         0000
__Hbank0                   bank0        0000
__Hbank1                   bank1        0000
__Hbank2                   bank2        0000
__Hbank3                   bank3        0000
__HbssBANK0                bssBANK0     0000
__HbssCOMMON               bssCOMMON    0000
__Hcinit                   cinit        0800
__Hclrtext                 clrtext      0000
__Hcode                    code         0000
__Hcommon                  common       0000
__Hconfig                  config       2009
__HcstackBANK0             cstackBANK0  0000
__HcstackCOMMON            cstackCOMMON 0000
__Heeprom_data             eeprom_data  0000
__Hend_init                end_init     0003
__Hfunctab                 functab      0000
__Hinit                    init         0000
__Hintentry                intentry     0000
__Hmaintext                maintext     0000
__HnvCOMMON                nvCOMMON     0000
__Hpowerup                 powerup      0000
__Hram                     ram          0000
__Hreset_vec               reset_vec    0000
__Hsfr0                    sfr0         0000
__Hsfr1                    sfr1         0000
__Hsfr2                    sfr2         0000
__Hsfr3                    sfr3         0000
__Hspace_0                 (abs)        0800
__Hspace_1                 (abs)        007E
__Hspace_2                 (abs)        0000
__Hspace_3                 (abs)        0000
__Hspace_4                 (abs)        4010
__Hstack                   stack        0000
__Hstrings                 strings      0000
__Htext                    text         0000
__Labs1                    abs1         0000
__Lbank0                   bank0        0000
__Lbank1                   bank1        0000
__Lbank2                   bank2        0000
__Lbank3                   bank3        0000
__LbssBANK0                bssBANK0     0000
__LbssCOMMON               bssCOMMON    0000
__Lcinit                   cinit        07F2
__Lclrtext                 clrtext      0000
__Lcode                    code         0000
__Lcommon                  common       0000
__Lconfig                  config       0000
__LcstackBANK0             cstackBANK0  0000
__LcstackCOMMON            cstackCOMMON 0000
__Leeprom_data             eeprom_data  0000
__Lend_init                end_init     0000
__Lfunctab                 functab      0000
__Linit                    init         0000
__Lintentry                intentry     0000
__Lmaintext                maintext     0000
__LnvCOMMON                nvCOMMON     0000
__Lpowerup                 powerup      0000
__Lram                     ram          0000
__Lreset_vec               reset_vec    0000
__Lsfr0                    sfr0         0000
__Lsfr1                    sfr1         0000
__Lsfr2                    sfr2         0000
__Lsfr3                    sfr3         0000
__Lspace_0                 (abs)        0000
__Lspace_1                 (abs)        0000
__Lspace_2                 (abs)        0000
__Lspace_3                 (abs)        0000
__Lspace_4                 (abs)        0000
__Lstack                   stack        0000
__Lstrings                 strings      0000
__Ltext                    text         0000
__S0                       (abs)        0800
__S1                       (abs)        007E
__S2                       (abs)        0000
__S3                       (abs)        0000
___aldiv                   text13       0755
___aldiv@counter           cstackBANK0  0030
___aldiv@dividend          cstackCOMMON 0074
___aldiv@divisor           cstackCOMMON 0070
___aldiv@quotient          cstackBANK0  0032
___aldiv@sign              cstackBANK0  0031
___int_sp                  stack        0000
___latbits                 (abs)        0002
___sp                      stack        0000
___stackhi                 (abs)        0000
___stacklo                 (abs)        0000
__end_of_I2C_Master_Init   text12       0653
__end_of_I2C_Master_Start  text10       0576
__end_of_I2C_Master_Stop   text9        057F
__end_of_I2C_Master_Wait   text11       058C
__end_of_I2C_Master_Write  text8        059C
__end_of_IO_expanderWrite  text7        05CD
__end_of_LCD_Init          text4        0755
__end_of_LCD_com           text5        05E7
__end_of_LCD_putChar       text3        0602
__end_of_LCD_puts          text2        0621
__end_of_LCD_setCursor     text1        0689
__end_of_LCD_writeNibble   text6        05B4
__end_of___aldiv           text13       07F2
__end_of__initialization   cinit        07FC
__end_of__stringtab        strings      0009
__end_of_main              maintext     06C9
__initialization           cinit        07F2
__pbssBANK0                bssBANK0     0020
__pbssCOMMON               bssCOMMON    007D
__pcstackBANK0             cstackBANK0  0030
__pcstackCOMMON            cstackCOMMON 0070
__pmaintext                maintext     0689
__pnvCOMMON                nvCOMMON     007C
__pstrings                 strings      0003
__ptext1                   text1        0653
__ptext10                  text10       056D
__ptext11                  text11       057F
__ptext12                  text12       0621
__ptext13                  text13       0755
__ptext2                   text2        0602
__ptext3                   text3        05E7
__ptext4                   text4        06C9
__ptext5                   text5        05CD
__ptext6                   text6        059C
__ptext7                   text7        05B4
__ptext8                   text8        058C
__ptext9                   text9        0576
__size_of_I2C_Master_Init  (abs)        0000
__size_of_I2C_Master_Start (abs)        0000
__size_of_I2C_Master_Stop  (abs)        0000
__size_of_I2C_Master_Wait  (abs)        0000
__size_of_I2C_Master_Write (abs)        0000
__size_of_IO_expanderWrite (abs)        0000
__size_of_LCD_Init         (abs)        0000
__size_of_LCD_com          (abs)        0000
__size_of_LCD_putChar      (abs)        0000
__size_of_LCD_puts         (abs)        0000
__size_of_LCD_setCursor    (abs)        0000
__size_of_LCD_writeNibble  (abs)        0000
__size_of___aldiv          (abs)        0000
__size_of_main             (abs)        0000
__stringbase               strings      0008
__stringtab                strings      0003
_main                      maintext     0689
btemp                      (abs)        007E
clear_ram0                 clrtext      0565
end_of_initialization      cinit        07FC
intlevel0                  functab      0000
intlevel1                  functab      0000
intlevel2                  functab      0000
intlevel3                  functab      0000
intlevel4                  functab      0000
intlevel5                  functab      0000
reset_vec                  reset_vec    0000
start                      init         0000
start_initialization       cinit        07F2
wtemp0                     (abs)        007E


FUNCTION INFORMATION:

 *************** function _main *****************
 Defined at:
		line 32 in file "main.c"
 Parameters:    Size  Location     Type
		None
 Auto vars:     Size  Location     Type
		None
 Return value:  Size  Location     Type
                  1    wreg      void 
 Registers used:
		wreg, fsr0l, fsr0h, status,2, status,0, pclath, cstack
 Tracked objects:
		On entry : 
		On exit  : 
		Unchanged: 
 Data sizes:     COMMON   BANK0   BANK1   BANK3   BANK2
      Params:         0       0       0       0       0
      Locals:         0       0       0       0       0
      Temps:          2       0       0       0       0
      Totals:         2       0       0       0       0
Total ram usage:        2 bytes
 Hardware stack levels required when called:    6
 This function calls:
		_I2C_Master_Init
		_LCD_Init
		_LCD_puts
		_LCD_setCursor
 This function is called by:
		Startup code after reset
 This function uses a non-reentrant model


 *************** function _LCD_setCursor *****************
 Defined at:
		line 110 in file "I2C_LCD.c"
 Parameters:    Size  Location     Type
  row             1    wreg     unsigned char 
  col             1    6[COMMON] unsigned char 
 Auto vars:     Size  Location     Type
  row             1    9[COMMON] unsigned char 
 Return value:  Size  Location     Type
                  1    wreg      void 
 Registers used:
		wreg, fsr0l, fsr0h, status,2, status,0, pclath, cstack
 Tracked objects:
		On entry : 
		On exit  : 
		Unchanged: 
 Data sizes:     COMMON   BANK0   BANK1   BANK3   BANK2
      Params:         1       0       0       0       0
      Locals:         1       0       0       0       0
      Temps:          2       0       0       0       0
      Totals:         4       0       0       0       0
Total ram usage:        4 bytes
 Hardware stack levels used:    1
 Hardware stack levels required when called:    5
 This function calls:
		_LCD_com
 This function is called by:
		_main
 This function uses a non-reentrant model


 *************** function _LCD_puts *****************
 Defined at:
		line 132 in file "I2C_LCD.c"
 Parameters:    Size  Location     Type
  str             1    wreg     PTR unsigned char 
		 -> STR_2(8), STR_1(6), 
 Auto vars:     Size  Location     Type
  str             1    7[COMMON] PTR unsigned char 
		 -> STR_2(8), STR_1(6), 
 Return value:  Size  Location     Type
                  1    wreg      void 
 Registers used:
		wreg, fsr0l, fsr0h, status,2, status,0, pclath, cstack
 Tracked objects:
		On entry : 
		On exit  : 
		Unchanged: 
 Data sizes:     COMMON   BANK0   BANK1   BANK3   BANK2
      Params:         0       0       0       0       0
      Locals:         1       0       0       0       0
      Temps:          1       0       0       0       0
      Totals:         2       0       0       0       0
Total ram usage:        2 bytes
 Hardware stack levels used:    1
 Hardware stack levels required when called:    5
 This function calls:
		_LCD_putChar
 This function is called by:
		_main
 This function uses a non-reentrant model


 *************** function _LCD_putChar *****************
 Defined at:
		line 126 in file "I2C_LCD.c"
 Parameters:    Size  Location     Type
  data            1    wreg     unsigned char 
 Auto vars:     Size  Location     Type
  data            1    5[COMMON] unsigned char 
 Return value:  Size  Location     Type
                  1    wreg      void 
 Registers used:
		wreg, status,2, status,0, pclath, cstack
 Tracked objects:
		On entry : 
		On exit  : 
		Unchanged: 
 Data sizes:     COMMON   BANK0   BANK1   BANK3   BANK2
      Params:         0       0       0       0       0
      Locals:         1       0       0       0       0
      Temps:          1       0       0       0       0
      Totals:         2       0       0       0       0
Total ram usage:        2 bytes
 Hardware stack levels used:    1
 Hardware stack levels required when called:    4
 This function calls:
		_LCD_writeNibble
 This function is called by:
		_LCD_puts
 This function uses a non-reentrant model


 *************** function _LCD_Init *****************
 Defined at:
		line 75 in file "I2C_LCD.c"
 Parameters:    Size  Location     Type
  address         1    wreg     unsigned char 
 Auto vars:     Size  Location     Type
  address         1    8[COMMON] unsigned char 
 Return value:  Size  Location     Type
                  1    wreg      void 
 Registers used:
		wreg, status,2, status,0, pclath, cstack
 Tracked objects:
		On entry : 
		On exit  : 
		Unchanged: 
 Data sizes:     COMMON   BANK0   BANK1   BANK3   BANK2
      Params:         0       0       0       0       0
      Locals:         1       0       0       0       0
      Temps:          2       0       0       0       0
      Totals:         3       0       0       0       0
Total ram usage:        3 bytes
 Hardware stack levels used:    1
 Hardware stack levels required when called:    5
 This function calls:
		_IO_expanderWrite
		_LCD_com
 This function is called by:
		_main
 This function uses a non-reentrant model


 *************** function _LCD_com *****************
 Defined at:
		line 104 in file "I2C_LCD.c"
 Parameters:    Size  Location     Type
  com             1    wreg     unsigned char 
 Auto vars:     Size  Location     Type
  com             1    5[COMMON] unsigned char 
 Return value:  Size  Location     Type
                  1    wreg      void 
 Registers used:
		wreg, status,2, status,0, pclath, cstack
 Tracked objects:
		On entry : 
		On exit  : 
		Unchanged: 
 Data sizes:     COMMON   BANK0   BANK1   BANK3   BANK2
      Params:         0       0       0       0       0
      Locals:         1       0       0       0       0
      Temps:          1       0       0       0       0
      Totals:         2       0       0       0       0
Total ram usage:        2 bytes
 Hardware stack levels used:    1
 Hardware stack levels required when called:    4
 This function calls:
		_LCD_writeNibble
 This function is called by:
		_LCD_Init
		_LCD_setCursor
 This function uses a non-reentrant model


 *************** function _LCD_writeNibble *****************
 Defined at:
		line 97 in file "I2C_LCD.c"
 Parameters:    Size  Location     Type
  nibble          1    wreg     unsigned char 
 Auto vars:     Size  Location     Type
  nibble          1    3[COMMON] unsigned char 
 Return value:  Size  Location     Type
                  1    wreg      void 
 Registers used:
		wreg, status,2, status,0, pclath, cstack
 Tracked objects:
		On entry : 
		On exit  : 
		Unchanged: 
 Data sizes:     COMMON   BANK0   BANK1   BANK3   BANK2
      Params:         0       0       0       0       0
      Locals:         1       0       0       0       0
      Temps:          1       0       0       0       0
      Totals:         2       0       0       0       0
Total ram usage:        2 bytes
 Hardware stack levels used:    1
 Hardware stack levels required when called:    3
 This function calls:
		_IO_expanderWrite
 This function is called by:
		_LCD_com
		_LCD_putChar
 This function uses a non-reentrant model


 *************** function _IO_expanderWrite *****************
 Defined at:
		line 138 in file "I2C_LCD.c"
 Parameters:    Size  Location     Type
  data            1    wreg     unsigned char 
 Auto vars:     Size  Location     Type
  data            1    1[COMMON] unsigned char 
 Return value:  Size  Location     Type
                  1    wreg      void 
 Registers used:
		wreg, status,2, status,0, pclath, cstack
 Tracked objects:
		On entry : 
		On exit  : 
		Unchanged: 
 Data sizes:     COMMON   BANK0   BANK1   BANK3   BANK2
      Params:         0       0       0       0       0
      Locals:         1       0       0       0       0
      Temps:          0       0       0       0       0
      Totals:         1       0       0       0       0
Total ram usage:        1 bytes
 Hardware stack levels used:    1
 Hardware stack levels required when called:    2
 This function calls:
		_I2C_Master_Start
		_I2C_Master_Stop
		_I2C_Master_Write
 This function is called by:
		_LCD_Init
		_LCD_writeNibble
 This function uses a non-reentrant model


 *************** function _I2C_Master_Write *****************
 Defined at:
		line 55 in file "I2C_LCD.c"
 Parameters:    Size  Location     Type
  data            1    wreg     unsigned char 
 Auto vars:     Size  Location     Type
  data            1    0[COMMON] unsigned char 
 Return value:  Size  Location     Type
                  1    wreg      unsigned char 
 Registers used:
		wreg, status,2, status,0, pclath, cstack
 Tracked objects:
		On entry : 
		On exit  : 
		Unchanged: 
 Data sizes:     COMMON   BANK0   BANK1   BANK3   BANK2
      Params:         0       0       0       0       0
      Locals:         1       0       0       0       0
      Temps:          0       0       0       0       0
      Totals:         1       0       0       0       0
Total ram usage:        1 bytes
 Hardware stack levels used:    1
 Hardware stack levels required when called:    1
 This function calls:
		_I2C_Master_Wait
 This function is called by:
		_IO_expanderWrite
 This function uses a non-reentrant model


 *************** function _I2C_Master_Stop *****************
 Defined at:
		line 29 in file "I2C_LCD.c"
 Parameters:    Size  Location     Type
		None
 Auto vars:     Size  Location     Type
		None
 Return value:  Size  Location     Type
                  1    wreg      void 
 Registers used:
		wreg, status,2, status,0, pclath, cstack
 Tracked objects:
		On entry : 
		On exit  : 
		Unchanged: 
 Data sizes:     COMMON   BANK0   BANK1   BANK3   BANK2
      Params:         0       0       0       0       0
      Locals:         0       0       0       0       0
      Temps:          0       0       0       0       0
      Totals:         0       0       0       0       0
Total ram usage:        0 bytes
 Hardware stack levels used:    1
 Hardware stack levels required when called:    1
 This function calls:
		_I2C_Master_Wait
 This function is called by:
		_IO_expanderWrite
 This function uses a non-reentrant model


 *************** function _I2C_Master_Start *****************
 Defined at:
		line 24 in file "I2C_LCD.c"
 Parameters:    Size  Location     Type
		None
 Auto vars:     Size  Location     Type
		None
 Return value:  Size  Location     Type
                  1    wreg      void 
 Registers used:
		wreg, status,2, status,0, pclath, cstack
 Tracked objects:
		On entry : 
		On exit  : 
		Unchanged: 
 Data sizes:     COMMON   BANK0   BANK1   BANK3   BANK2
      Params:         0       0       0       0       0
      Locals:         0       0       0       0       0
      Temps:          0       0       0       0       0
      Totals:         0       0       0       0       0
Total ram usage:        0 bytes
 Hardware stack levels used:    1
 Hardware stack levels required when called:    1
 This function calls:
		_I2C_Master_Wait
 This function is called by:
		_IO_expanderWrite
 This function uses a non-reentrant model


 *************** function _I2C_Master_Wait *****************
 Defined at:
		line 20 in file "I2C_LCD.c"
 Parameters:    Size  Location     Type
		None
 Auto vars:     Size  Location     Type
		None
 Return value:  Size  Location     Type
                  1    wreg      void 
 Registers used:
		wreg, status,2
 Tracked objects:
		On entry : 
		On exit  : 
		Unchanged: 
 Data sizes:     COMMON   BANK0   BANK1   BANK3   BANK2
      Params:         0       0       0       0       0
      Locals:         0       0       0       0       0
      Temps:          0       0       0       0       0
      Totals:         0       0       0       0       0
Total ram usage:        0 bytes
 Hardware stack levels used:    1
 This function calls:
		Nothing
 This function is called by:
		_I2C_Master_Start
		_I2C_Master_Stop
		_I2C_Master_Write
		_I2C_ACK
		_I2C_NACK
		_I2C_Read_Byte
 This function uses a non-reentrant model


 *************** function _I2C_Master_Init *****************
 Defined at:
		line 12 in file "I2C_LCD.c"
 Parameters:    Size  Location     Type
  baud            4    6[BANK0 ] long 
 Auto vars:     Size  Location     Type
		None
 Return value:  Size  Location     Type
                  1    wreg      void 
 Registers used:
		wreg, status,2, status,0, pclath, cstack
 Tracked objects:
		On entry : 
		On exit  : 
		Unchanged: 
 Data sizes:     COMMON   BANK0   BANK1   BANK3   BANK2
      Params:         0       4       0       0       0
      Locals:         0       0       0       0       0
      Temps:          0       0       0       0       0
      Totals:         0       4       0       0       0
Total ram usage:        4 bytes
 Hardware stack levels used:    1
 Hardware stack levels required when called:    1
 This function calls:
		___aldiv
 This function is called by:
		_main
 This function uses a non-reentrant model


 *************** function ___aldiv *****************
 Defined at:
		line 5 in file "C:\Program Files\Microchip\xc8\v2.31\pic\sources\c90\common\aldiv.c"
 Parameters:    Size  Location     Type
  divisor         4    0[COMMON] long 
  dividend        4    4[COMMON] long 
 Auto vars:     Size  Location     Type
  quotient        4    2[BANK0 ] long 
  sign            1    1[BANK0 ] unsigned char 
  counter         1    0[BANK0 ] unsigned char 
 Return value:  Size  Location     Type
                  4    0[COMMON] long 
 Registers used:
		wreg, status,2, status,0
 Tracked objects:
		On entry : 
		On exit  : 
		Unchanged: 
 Data sizes:     COMMON   BANK0   BANK1   BANK3   BANK2
      Params:         8       0       0       0       0
      Locals:         0       6       0       0       0
      Temps:          1       0       0       0       0
      Totals:         9       6       0       0       0
Total ram usage:       15 bytes
 Hardware stack levels used:    1
 This function calls:
		Nothing
 This function is called by:
		_I2C_Master_Init
 This function uses a non-reentrant model



MODULE INFORMATION

Module		Function		Class		Link	Load	Size
shared
		__stringtab    		STRING         	0003	0000	6
		__initialization		CODE           	07F2	0000	10

shared estimated size: 16

I2C_LCD.c
		_LCD_Init      		CODE           	06C9	0000	140
		_I2C_Master_Wait		CODE           	057F	0000	13
		_I2C_Master_Init		CODE           	0621	0000	50
		_I2C_Master_Stop		CODE           	0576	0000	9
		_IO_expanderWrite		CODE           	05B4	0000	25
		_LCD_com       		CODE           	05CD	0000	26
		_LCD_puts      		CODE           	0602	0000	31
		_LCD_putChar   		CODE           	05E7	0000	27
		_I2C_Master_Write		CODE           	058C	0000	16
		_LCD_writeNibble		CODE           	059C	0000	24
		_LCD_setCursor 		CODE           	0653	0000	54
		_I2C_Master_Start		CODE           	056D	0000	9

I2C_LCD.c estimated size: 424

C:\Program Files\Microchip\xc8\v2.31\pic\sources\c90\common\aldiv.c
		___aldiv       		CODE           	0755	0000	157

C:\Program Files\Microchip\xc8\v2.31\pic\sources\c90\common\aldiv.c estimated size: 157

main.c
		_main          		CODE           	0689	0000	64

main.c estimated size: 64

